============================= test session starts =============================
platform win32 -- Python 3.12.12, pytest-9.0.1, pluggy-1.6.0 -- C:\Users\ifead\Desktop\HNGi13\backend\stage5\legal-watch-dog-be\.venv\Scripts\python.exe
cachedir: .pytest_cache
rootdir: C:\Users\ifead\Desktop\HNGi13\backend\stage5\legal-watch-dog-be
configfile: pyproject.toml
plugins: anyio-4.11.0, asyncio-1.3.0, cov-7.0.0, env-1.2.0, xdist-3.8.0
asyncio: mode=Mode.STRICT, debug=False, asyncio_default_fixture_loop_scope=None, asyncio_default_test_loop_scope=function
collecting ... collected 4 items

tests/modules/v1/scraping/routes/test_source_routes_baseline.py::TestSourceRoutesBaseline::test_accept_baseline_endpoint ERROR [ 25%]
tests/modules/v1/scraping/routes/test_source_routes_baseline.py::TestSourceRoutesBaseline::test_get_source_baseline_endpoint ERROR [ 50%]
tests/modules/v1/scraping/routes/test_source_routes_baseline.py::TestSourceRoutesBaseline::test_get_source_baseline_none ERROR [ 75%]
tests/modules/v1/scraping/routes/test_source_routes_baseline.py::TestSourceRoutesBaseline::test_get_baseline_history_endpoint ERROR [100%]

=================================== ERRORS ====================================
__ ERROR at setup of TestSourceRoutesBaseline.test_accept_baseline_endpoint ___
file C:\Users\ifead\Desktop\HNGi13\backend\stage5\legal-watch-dog-be\tests\modules\v1\scraping\routes\test_source_routes_baseline.py, line 33
      @pytest.mark.asyncio
      async def test_accept_baseline_endpoint(
          self, client, mock_user, sample_revision_id, sample_source_id
      ):
          """Test POST /revisions/{id}/accept-baseline endpoint."""

          # Mock the service method
          mock_revision = DataRevision(
              id=sample_revision_id,
              source_id=sample_source_id,
              is_baseline=True,
              baseline_accepted_at=datetime.now(),
              baseline_accepted_by=mock_user.id,
              baseline_notes="API Test Note",
              minio_object_key="test.html"
          )

          with pytest.MonkeyPatch.context() as m:
              mock_service = AsyncMock()
              mock_service.accept_revision_as_baseline.return_value = mock_revision
              m.setattr(
                  "app.api.modules.v1.scraping.routes.source_routes.SourceService",
                  lambda: mock_service,
              )

              # Mock auth dependencies
              client.app.dependency_overrides[
                  "app.api.core.dependencies.auth.get_current_user"
              ] = lambda: mock_user

              # Mock tenant/org guards if necessary (simplified here as we mock service)
              # In a real integration test, we might need more setup or use a test DB

              response = await client.post(
                  f"/api/v1/sources/revisions/{sample_revision_id}/accept-baseline",
                  json={"notes": "API Test Note"},
              )

              assert response.status_code == status.HTTP_200_OK
              data = response.json()
              assert data["id"] == str(sample_revision_id)
              assert data["is_baseline"] is True
              assert data["baseline_notes"] == "API Test Note"

              mock_service.accept_revision_as_baseline.assert_awaited_once()
E       fixture 'client' not found
>       available fixtures: _class_scoped_runner, _function_scoped_runner, _module_scoped_runner, _package_scoped_runner, _session_scoped_runner, anyio_backend, anyio_backend_name, anyio_backend_options, cache, capfd, capfdbinary, caplog, capsys, capsysbinary, capteesys, cov, doctest_namespace, event_loop_policy, free_tcp_port, free_tcp_port_factory, free_udp_port, free_udp_port_factory, mock_encrypt_auth_details, mock_encryption, mock_redis, mock_user, monkeypatch, no_cover, pg_async_session, pg_sync_session, pytestconfig, record_property, record_testsuite_property, record_xml_attribute, recwarn, sample_revision_id, sample_source_id, setup_patches, subtests, test_session, testrun_uid, tmp_path, tmp_path_factory, tmpdir, tmpdir_factory, unused_tcp_port, unused_tcp_port_factory, unused_udp_port, unused_udp_port_factory, worker_id
>       use 'pytest --fixtures [testpath]' for help on them.

C:\Users\ifead\Desktop\HNGi13\backend\stage5\legal-watch-dog-be\tests\modules\v1\scraping\routes\test_source_routes_baseline.py:33
_ ERROR at setup of TestSourceRoutesBaseline.test_get_source_baseline_endpoint _
file C:\Users\ifead\Desktop\HNGi13\backend\stage5\legal-watch-dog-be\tests\modules\v1\scraping\routes\test_source_routes_baseline.py, line 79
      @pytest.mark.asyncio
      async def test_get_source_baseline_endpoint(
          self, client, mock_user, sample_source_id, sample_revision_id
      ):
          """Test GET /sources/{id}/baseline endpoint."""

          mock_revision = DataRevision(
              id=sample_revision_id,
              source_id=sample_source_id,
              is_baseline=True,
              baseline_accepted_at=datetime.now(),
              baseline_accepted_by=mock_user.id,
              minio_object_key="test.html"
          )

          with pytest.MonkeyPatch.context() as m:
              mock_service = AsyncMock()
              mock_service.get_current_baseline.return_value = mock_revision
              m.setattr(
                  "app.api.modules.v1.scraping.routes.source_routes.SourceService",
                  lambda: mock_service,
              )

              client.app.dependency_overrides[
                  "app.api.core.dependencies.auth.get_current_user"
              ] = lambda: mock_user

              response = await client.get(f"/api/v1/sources/{sample_source_id}/baseline")

              assert response.status_code == status.HTTP_200_OK
              data = response.json()
              assert data["id"] == str(sample_revision_id)
              assert data["is_baseline"] is True
E       fixture 'client' not found
>       available fixtures: _class_scoped_runner, _function_scoped_runner, _module_scoped_runner, _package_scoped_runner, _session_scoped_runner, anyio_backend, anyio_backend_name, anyio_backend_options, cache, capfd, capfdbinary, caplog, capsys, capsysbinary, capteesys, cov, doctest_namespace, event_loop_policy, free_tcp_port, free_tcp_port_factory, free_udp_port, free_udp_port_factory, mock_encrypt_auth_details, mock_encryption, mock_redis, mock_user, monkeypatch, no_cover, pg_async_session, pg_sync_session, pytestconfig, record_property, record_testsuite_property, record_xml_attribute, recwarn, sample_revision_id, sample_source_id, setup_patches, subtests, test_session, testrun_uid, tmp_path, tmp_path_factory, tmpdir, tmpdir_factory, unused_tcp_port, unused_tcp_port_factory, unused_udp_port, unused_udp_port_factory, worker_id
>       use 'pytest --fixtures [testpath]' for help on them.

C:\Users\ifead\Desktop\HNGi13\backend\stage5\legal-watch-dog-be\tests\modules\v1\scraping\routes\test_source_routes_baseline.py:79
__ ERROR at setup of TestSourceRoutesBaseline.test_get_source_baseline_none ___
file C:\Users\ifead\Desktop\HNGi13\backend\stage5\legal-watch-dog-be\tests\modules\v1\scraping\routes\test_source_routes_baseline.py, line 113
      @pytest.mark.asyncio
      async def test_get_source_baseline_none(
          self, client, mock_user, sample_source_id
      ):
          """Test GET /sources/{id}/baseline when no baseline exists."""

          with pytest.MonkeyPatch.context() as m:
              mock_service = AsyncMock()
              mock_service.get_current_baseline.return_value = None
              m.setattr(
                  "app.api.modules.v1.scraping.routes.source_routes.SourceService",
                  lambda: mock_service,
              )

              client.app.dependency_overrides[
                  "app.api.core.dependencies.auth.get_current_user"
              ] = lambda: mock_user

              response = await client.get(f"/api/v1/sources/{sample_source_id}/baseline")

              assert response.status_code == status.HTTP_200_OK
              assert response.json() is None
E       fixture 'client' not found
>       available fixtures: _class_scoped_runner, _function_scoped_runner, _module_scoped_runner, _package_scoped_runner, _session_scoped_runner, anyio_backend, anyio_backend_name, anyio_backend_options, cache, capfd, capfdbinary, caplog, capsys, capsysbinary, capteesys, cov, doctest_namespace, event_loop_policy, free_tcp_port, free_tcp_port_factory, free_udp_port, free_udp_port_factory, mock_encrypt_auth_details, mock_encryption, mock_redis, mock_user, monkeypatch, no_cover, pg_async_session, pg_sync_session, pytestconfig, record_property, record_testsuite_property, record_xml_attribute, recwarn, sample_revision_id, sample_source_id, setup_patches, subtests, test_session, testrun_uid, tmp_path, tmp_path_factory, tmpdir, tmpdir_factory, unused_tcp_port, unused_tcp_port_factory, unused_udp_port, unused_udp_port_factory, worker_id
>       use 'pytest --fixtures [testpath]' for help on them.

C:\Users\ifead\Desktop\HNGi13\backend\stage5\legal-watch-dog-be\tests\modules\v1\scraping\routes\test_source_routes_baseline.py:113
_ ERROR at setup of TestSourceRoutesBaseline.test_get_baseline_history_endpoint _
file C:\Users\ifead\Desktop\HNGi13\backend\stage5\legal-watch-dog-be\tests\modules\v1\scraping\routes\test_source_routes_baseline.py, line 136
      @pytest.mark.asyncio
      async def test_get_baseline_history_endpoint(
          self, client, mock_user, sample_source_id
      ):
          """Test GET /sources/{id}/baseline-history endpoint."""

          history = [
              DataRevision(
                  id=uuid.uuid4(),
                  source_id=sample_source_id,
                  baseline_accepted_at=datetime.now(),
                  minio_object_key="1.html"
              ),
              DataRevision(
                  id=uuid.uuid4(),
                  source_id=sample_source_id,
                  baseline_accepted_at=datetime.now(),
                  minio_object_key="2.html"
              ),
          ]

          with pytest.MonkeyPatch.context() as m:
              mock_service = AsyncMock()
              mock_service.get_baseline_history.return_value = (history, 2)
              m.setattr(
                  "app.api.modules.v1.scraping.routes.source_routes.SourceService",
                  lambda: mock_service,
              )

              client.app.dependency_overrides[
                  "app.api.core.dependencies.auth.get_current_user"
              ] = lambda: mock_user

              response = await client.get(
                  f"/api/v1/sources/{sample_source_id}/baseline-history?limit=10"
              )

              assert response.status_code == status.HTTP_200_OK
              data = response.json()
              assert len(data["revisions"]) == 2
              assert data["total"] == 2
              assert data["limit"] == 10
E       fixture 'client' not found
>       available fixtures: _class_scoped_runner, _function_scoped_runner, _module_scoped_runner, _package_scoped_runner, _session_scoped_runner, anyio_backend, anyio_backend_name, anyio_backend_options, cache, capfd, capfdbinary, caplog, capsys, capsysbinary, capteesys, cov, doctest_namespace, event_loop_policy, free_tcp_port, free_tcp_port_factory, free_udp_port, free_udp_port_factory, mock_encrypt_auth_details, mock_encryption, mock_redis, mock_user, monkeypatch, no_cover, pg_async_session, pg_sync_session, pytestconfig, record_property, record_testsuite_property, record_xml_attribute, recwarn, sample_revision_id, sample_source_id, setup_patches, subtests, test_session, testrun_uid, tmp_path, tmp_path_factory, tmpdir, tmpdir_factory, unused_tcp_port, unused_tcp_port_factory, unused_udp_port, unused_udp_port_factory, worker_id
>       use 'pytest --fixtures [testpath]' for help on them.

C:\Users\ifead\Desktop\HNGi13\backend\stage5\legal-watch-dog-be\tests\modules\v1\scraping\routes\test_source_routes_baseline.py:136
============================== warnings summary ===============================
app\api\modules\v1\scraping\schemas\source_service.py:115
  C:\Users\ifead\Desktop\HNGi13\backend\stage5\legal-watch-dog-be\app\api\modules\v1\scraping\schemas\source_service.py:115: PydanticDeprecatedSince20: `min_items` is deprecated and will be removed, use `min_length` instead. Deprecated in Pydantic V2.0 to be removed in V3.0. See Pydantic V2 Migration Guide at https://errors.pydantic.dev/2.12/migration/
    sources: List[SourceCreate] = Field(..., min_items=1, max_items=50)

app\api\modules\v1\scraping\schemas\source_service.py:115
  C:\Users\ifead\Desktop\HNGi13\backend\stage5\legal-watch-dog-be\app\api\modules\v1\scraping\schemas\source_service.py:115: PydanticDeprecatedSince20: `max_items` is deprecated and will be removed, use `max_length` instead. Deprecated in Pydantic V2.0 to be removed in V3.0. See Pydantic V2 Migration Guide at https://errors.pydantic.dev/2.12/migration/
    sources: List[SourceCreate] = Field(..., min_items=1, max_items=50)

.venv\Lib\site-packages\_pytest\config\__init__.py:1397
  C:\Users\ifead\Desktop\HNGi13\backend\stage5\legal-watch-dog-be\.venv\Lib\site-packages\_pytest\config\__init__.py:1397: PytestConfigWarning: Unknown config option: env_files
  
    self._warn_or_fail_if_strict(f"Unknown config option: {key}\n")

.venv\Lib\site-packages\_pytest\config\__init__.py:1397
  C:\Users\ifead\Desktop\HNGi13\backend\stage5\legal-watch-dog-be\.venv\Lib\site-packages\_pytest\config\__init__.py:1397: PytestConfigWarning: Unknown config option: env_override_existing_values
  
    self._warn_or_fail_if_strict(f"Unknown config option: {key}\n")

-- Docs: https://docs.pytest.org/en/stable/how-to/capture-warnings.html
=========================== short test summary info ===========================
ERROR tests/modules/v1/scraping/routes/test_source_routes_baseline.py::TestSourceRoutesBaseline::test_accept_baseline_endpoint
ERROR tests/modules/v1/scraping/routes/test_source_routes_baseline.py::TestSourceRoutesBaseline::test_get_source_baseline_endpoint
ERROR tests/modules/v1/scraping/routes/test_source_routes_baseline.py::TestSourceRoutesBaseline::test_get_source_baseline_none
ERROR tests/modules/v1/scraping/routes/test_source_routes_baseline.py::TestSourceRoutesBaseline::test_get_baseline_history_endpoint
======================== 4 warnings, 4 errors in 0.08s ========================
